// Jest Snapshot v1, https://goo.gl/fbAQLP

exports[`toInstance logs a warning when a binding scope setting method was not called 1`] = `"Warning: did you forget to set a scope for 'unknown' token binding? Call 'inTransientScope()', 'inSingletonScope()', 'inContainerScope()' or 'inResolutionScope()'."`;

exports[`toInstance throws error when trying to construct an instance with constructor arguments when the target class was not injected 1`] = `"Missing required 'injected' registration of 'SomeClass'"`;
